<?xml version="1.0" encoding="utf-8"?><testsuites><testsuite name="pytest" errors="0" failures="0" skipped="0" tests="14" time="1.068" timestamp="2026-03-19T12:49:42.039588" hostname="Surdok-PC"><testcase classname="test_bookstore" name="test_create_valid_book" time="0.041" /><testcase classname="test_bookstore" name="test_create_missing_title" time="0.009" /><testcase classname="test_bookstore" name="test_create_empty_author" time="0.009" /><testcase classname="test_bookstore" name="test_create_invalid_price" time="0.010" /><testcase classname="test_bookstore" name="test_list_books_when_empty" time="0.011" /><testcase classname="test_bookstore" name="test_list_books_after_adding_two" time="0.029" /><testcase classname="test_bookstore" name="test_get_existing_book" time="0.029" /><testcase classname="test_bookstore" name="test_get_non_existing_book" time="0.011" /><testcase classname="test_bookstore" name="test_update_book_title" time="0.023" /><testcase classname="test_bookstore" name="test_update_with_invalid_price" time="0.020" /><testcase classname="test_bookstore" name="test_update_non_existing_book" time="0.014" /><testcase classname="test_bookstore" name="test_delete_existing_book" time="0.025" /><testcase classname="test_bookstore" name="test_delete_non_existing_book" time="0.012" /><testcase classname="test_bookstore" name="test_full_workflow_create_read_update_read_delete_confirm_gone" time="0.042" /></testsuite></testsuites>